                                                                                
                                                                                
                                                                                
                                                                                
                                                                                
                                                                                
                                                                                
                                                                                
                        [38;2;179;142;255m╭─────────────────────────────╮[0m                         
                        [38;2;179;142;255m│[0m                             [38;2;179;142;255m│[0m                         
                        [38;2;179;142;255m│[0m   [38;2;138;138;138m[1;38;2;221;221;221mSelect Device[0m[0m             [38;2;179;142;255m│[0m                         
                        [38;2;179;142;255m│[0m   [38;2;138;138;138m[0m                          [38;2;179;142;255m│[0m                         
                        [38;2;179;142;255m│[0m   [38;2;138;138;138m[38;2;179;142;255m◉[0m [38;2;97;97;97mtuify[0m        [38;2;97;97;97mcomputer[0m[0m   [38;2;179;142;255m│[0m                         
                        [38;2;179;142;255m│[0m   [38;2;138;138;138m  [1;38;2;88;247;150mLiving Room[0m  [38;2;97;97;97mspeaker[0m[0m    [38;2;179;142;255m│[0m                         
                        [38;2;179;142;255m│[0m                             [38;2;179;142;255m│[0m                         
                        [38;2;179;142;255m╰─────────────────────────────╯[0m                         
                                                                                
                                                                                
                                                                                
                                                                                
                                                                                
                                                                                
                                                                                
                                                                                